CCS PCM C Compiler, Version 5.007, 61971               10-abr-22 01:27

               Filename:   C:\Users\edyne\OneDrive\Área de Trabalho\UFPI\Programação\2 - UFPI\3 - Projetos em C (PIC)\Pisca LED\Código Pisca LED.lst

               ROM used:   54 words (3%)
                           Largest free fragment is 1994
               RAM used:   6 (3%) at main() level
                           7 (3%) worst case
               Stack used: 0 locations
               Stack size: 8

*
0000:  MOVLW  00
0001:  MOVWF  0A
0002:  GOTO   019
0003:  NOP
.................... #include <16F628a.h> // O ".h" indica que esse arquivo é um cabeçalho que coném todas as configurações pra se trabalhar com esse microcontrolador 
.................... //////// Standard Header file for the PIC16F628A device //////////////// 
.................... #device PIC16F628A 
....................  
.................... #list 
....................  
....................  
.................... #fuses XT, NOLVP, NOWDT // Bits de configurações 
.................... 						// Fusível do tipo XT: é a velocidade do oscilador externo (se é lenta, média ou alta, no caso, média 
.................... 				        // NOLVP: "No Low Voltage Programe" (grava modo de gravação em baixa tensão, no caso, desabilitado > NO < ; com isso passa-se a ter condições de ultilizar o pino RB ) 
.................... 				        // NOWDT: "No Watch Dog TIme" >> NO - desabilita >> WDT - reinicia o código a cada erro/trvamento 
....................  
.................... #use delay(clock = 4000000) // Outra diretiva com o que se quer usar de especial no código 
0004:  MOVLW  22
0005:  MOVWF  04
0006:  BCF    03.7
0007:  MOVF   00,W
0008:  BTFSC  03.2
0009:  GOTO   018
000A:  MOVLW  01
000B:  MOVWF  78
000C:  CLRF   77
000D:  DECFSZ 77,F
000E:  GOTO   00D
000F:  DECFSZ 78,F
0010:  GOTO   00C
0011:  MOVLW  4A
0012:  MOVWF  77
0013:  DECFSZ 77,F
0014:  GOTO   013
0015:  GOTO   016
0016:  DECFSZ 00,F
0017:  GOTO   00A
0018:  RETURN
.................... 		                    // delay: sistema pra atraso, trava o código em determinado momento, uma parada forçada, com determinada frequência pra base de tempo como parâmetro 
.................... 							// clocl: base para o delay. 
.................... 							// 4000000: frequência [do clock] do cristal externo. Frequência média, tal qual o requerido anteriormente. >> Frequências médias -- 1MHz - 4MHz (para esse Micro)   
....................  
....................  
.................... void main() 
0019:  MOVLW  07
001A:  MOVWF  1F
001B:  BCF    03.7
001C:  MOVLW  1F
001D:  ANDWF  03,F
.................... { 
.................... 	while(TRUE) 
.................... 		{ 
.................... 			//////////////////////// 
.................... 			// EFEITO PISCA-PISCA // 
.................... 			//////////////////////// 
....................  
.................... 			output_high(pin_b0); // Liga uma saída em nível alto (poderia ser em nível baixo). >> pin_b0: parâmetro que indica qual a saída  
001E:  BSF    03.5
001F:  BCF    06.0
0020:  BCF    03.5
0021:  BSF    06.0
.................... 			 
.................... 			// Depois de ligado, quer-se que a saída fique um tempo ligada... 
.................... 			delay_ms(500); // delay sempre em milissegundos (ms) ou em micro. >> 500: o tempo do delay (meio segundo) 
0022:  MOVLW  02
0023:  MOVWF  21
0024:  MOVLW  FA
0025:  MOVWF  22
0026:  CALL   004
0027:  DECFSZ 21,F
0028:  GOTO   024
.................... 			 
.................... 			// Passado o tempo especificado, agora quer-se desligar a saída... 
.................... 			output_low(pin_b0);  
0029:  BSF    03.5
002A:  BCF    06.0
002B:  BCF    03.5
002C:  BCF    06.0
.................... 			 
.................... 			// Depois de desligado, quer-se que a saída fique um tempo desligada...  
.................... 			delay_ms(500); 
002D:  MOVLW  02
002E:  MOVWF  21
002F:  MOVLW  FA
0030:  MOVWF  22
0031:  CALL   004
0032:  DECFSZ 21,F
0033:  GOTO   02F
0034:  GOTO   01E
.................... 		} 
.................... } 
....................  
0035:  SLEEP
....................  
....................  
....................  
....................  
....................  
....................  
....................  
....................  
....................  
....................  
....................  
....................  
....................  
....................  
....................  
....................  
....................  
....................  
....................  
....................  
....................  
....................  
....................  
....................  
....................  
....................  
....................  
....................  
....................  
....................  
....................  
....................  
....................  
....................  
....................  
....................  
....................  
....................  
....................  
....................  
....................  
....................  
....................  

Configuration Fuses:
   Word  1: 3F61   NOWDT PUT XT MCLR BROWNOUT NOLVP NOCPD NOPROTECT
